[2024-05-26T14:06:43.274+0530][gc,init] CardTable entry size: 512
[2024-05-26T14:06:43.274+0530][gc     ] Using G1
[2024-05-26T14:06:43.275+0530][gc,init] Version: 21.0.2+13-58 (release)
[2024-05-26T14:06:43.275+0530][gc,init] CPUs: 8 total, 8 available
[2024-05-26T14:06:43.275+0530][gc,init] Memory: 8192M
[2024-05-26T14:06:43.275+0530][gc,init] Large Page Support: Disabled
[2024-05-26T14:06:43.275+0530][gc,init] NUMA Support: Disabled
[2024-05-26T14:06:43.275+0530][gc,init] Compressed Oops: Enabled (Zero based)
[2024-05-26T14:06:43.275+0530][gc,init] Heap Region Size: 1M
[2024-05-26T14:06:43.275+0530][gc,init] Heap Min Capacity: 1G
[2024-05-26T14:06:43.275+0530][gc,init] Heap Initial Capacity: 1G
[2024-05-26T14:06:43.275+0530][gc,init] Heap Max Capacity: 1G
[2024-05-26T14:06:43.275+0530][gc,init] Pre-touch: Disabled
[2024-05-26T14:06:43.275+0530][gc,init] Parallel Workers: 8
[2024-05-26T14:06:43.275+0530][gc,init] Concurrent Workers: 2
[2024-05-26T14:06:43.275+0530][gc,init] Concurrent Refinement Workers: 8
[2024-05-26T14:06:43.275+0530][gc,init] Periodic GC: Disabled
[2024-05-26T14:06:43.278+0530][gc,metaspace] CDS archive(s) mapped at: [0x000000e000000000-0x000000e000ca4000-0x000000e000ca4000), size 13254656, SharedBaseAddress: 0x000000e000000000, ArchiveRelocationMode: 1.
[2024-05-26T14:06:43.278+0530][gc,metaspace] Compressed class space mapped at: 0x000000e001000000-0x000000e041000000, reserved size: 1073741824
[2024-05-26T14:06:43.278+0530][gc,metaspace] Narrow klass base: 0x000000e000000000, Narrow klass shift: 0, Narrow klass range: 0x100000000
[2024-05-26T14:06:44.018+0530][gc,start    ] GC(0) Pause Young (Normal) (G1 Evacuation Pause)
[2024-05-26T14:06:44.018+0530][gc,task     ] GC(0) Using 8 workers of 8 for evacuation
[2024-05-26T14:06:44.021+0530][gc,phases   ] GC(0)   Pre Evacuate Collection Set: 0.1ms
[2024-05-26T14:06:44.021+0530][gc,phases   ] GC(0)   Merge Heap Roots: 0.2ms
[2024-05-26T14:06:44.021+0530][gc,phases   ] GC(0)   Evacuate Collection Set: 1.9ms
[2024-05-26T14:06:44.021+0530][gc,phases   ] GC(0)   Post Evacuate Collection Set: 0.2ms
[2024-05-26T14:06:44.021+0530][gc,phases   ] GC(0)   Other: 0.2ms
[2024-05-26T14:06:44.021+0530][gc,heap     ] GC(0) Eden regions: 51->0(44)
[2024-05-26T14:06:44.021+0530][gc,heap     ] GC(0) Survivor regions: 0->7(7)
[2024-05-26T14:06:44.021+0530][gc,heap     ] GC(0) Old regions: 2->4
[2024-05-26T14:06:44.021+0530][gc,heap     ] GC(0) Humongous regions: 0->0
[2024-05-26T14:06:44.021+0530][gc,metaspace] GC(0) Metaspace: 18270K(18496K)->18270K(18496K) NonClass: 16175K(16320K)->16175K(16320K) Class: 2094K(2176K)->2094K(2176K)
[2024-05-26T14:06:44.021+0530][gc          ] GC(0) Pause Young (Normal) (G1 Evacuation Pause) 52M->9M(1024M) 3.030ms
[2024-05-26T14:06:44.021+0530][gc,cpu      ] GC(0) User=0.01s Sys=0.01s Real=0.01s
[2024-05-26T14:06:44.103+0530][gc,start    ] GC(1) Pause Young (Concurrent Start) (Metadata GC Threshold)
[2024-05-26T14:06:44.103+0530][gc,task     ] GC(1) Using 8 workers of 8 for evacuation
[2024-05-26T14:06:44.105+0530][gc,phases   ] GC(1)   Pre Evacuate Collection Set: 0.2ms
[2024-05-26T14:06:44.105+0530][gc,phases   ] GC(1)   Merge Heap Roots: 0.0ms
[2024-05-26T14:06:44.105+0530][gc,phases   ] GC(1)   Evacuate Collection Set: 1.7ms
[2024-05-26T14:06:44.105+0530][gc,phases   ] GC(1)   Post Evacuate Collection Set: 0.1ms
[2024-05-26T14:06:44.105+0530][gc,phases   ] GC(1)   Other: 0.0ms
[2024-05-26T14:06:44.105+0530][gc,heap     ] GC(1) Eden regions: 13->0(49)
[2024-05-26T14:06:44.105+0530][gc,heap     ] GC(1) Survivor regions: 7->2(7)
[2024-05-26T14:06:44.105+0530][gc,heap     ] GC(1) Old regions: 4->10
[2024-05-26T14:06:44.105+0530][gc,heap     ] GC(1) Humongous regions: 0->0
[2024-05-26T14:06:44.105+0530][gc,metaspace] GC(1) Metaspace: 21297K(21504K)->21297K(21504K) NonClass: 18796K(18880K)->18796K(18880K) Class: 2501K(2624K)->2501K(2624K)
[2024-05-26T14:06:44.105+0530][gc          ] GC(1) Pause Young (Concurrent Start) (Metadata GC Threshold) 21M->10M(1024M) 2.176ms
[2024-05-26T14:06:44.105+0530][gc          ] GC(2) Concurrent Mark Cycle
[2024-05-26T14:06:44.105+0530][gc,cpu      ] GC(1) User=0.01s Sys=0.00s Real=0.00s
[2024-05-26T14:06:44.105+0530][gc,marking  ] GC(2) Concurrent Scan Root Regions
[2024-05-26T14:06:44.106+0530][gc,marking  ] GC(2) Concurrent Scan Root Regions 1.090ms
[2024-05-26T14:06:44.106+0530][gc,marking  ] GC(2) Concurrent Mark
[2024-05-26T14:06:44.106+0530][gc,marking  ] GC(2) Concurrent Mark From Roots
[2024-05-26T14:06:44.106+0530][gc,task     ] GC(2) Using 2 workers of 2 for marking
[2024-05-26T14:06:44.107+0530][gc,marking  ] GC(2) Concurrent Mark From Roots 0.813ms
[2024-05-26T14:06:44.107+0530][gc,marking  ] GC(2) Concurrent Preclean
[2024-05-26T14:06:44.107+0530][gc,marking  ] GC(2) Concurrent Preclean 0.005ms
[2024-05-26T14:06:44.107+0530][gc,start    ] GC(2) Pause Remark
[2024-05-26T14:06:44.108+0530][gc          ] GC(2) Pause Remark 10M->10M(1024M) 0.860ms
[2024-05-26T14:06:44.108+0530][gc,cpu      ] GC(2) User=0.01s Sys=0.00s Real=0.00s
[2024-05-26T14:06:44.108+0530][gc,marking  ] GC(2) Concurrent Mark 1.790ms
[2024-05-26T14:06:44.108+0530][gc,marking  ] GC(2) Concurrent Rebuild Remembered Sets and Scrub Regions
[2024-05-26T14:06:44.109+0530][gc,marking  ] GC(2) Concurrent Rebuild Remembered Sets and Scrub Regions 1.304ms
[2024-05-26T14:06:44.109+0530][gc,start    ] GC(2) Pause Cleanup
[2024-05-26T14:06:44.110+0530][gc          ] GC(2) Pause Cleanup 10M->10M(1024M) 0.055ms
[2024-05-26T14:06:44.110+0530][gc,cpu      ] GC(2) User=0.00s Sys=0.00s Real=0.01s
[2024-05-26T14:06:44.110+0530][gc,marking  ] GC(2) Concurrent Clear Claimed Marks
[2024-05-26T14:06:44.110+0530][gc,marking  ] GC(2) Concurrent Clear Claimed Marks 0.006ms
[2024-05-26T14:06:44.110+0530][gc,marking  ] GC(2) Concurrent Cleanup for Next Mark
[2024-05-26T14:06:44.111+0530][gc,marking  ] GC(2) Concurrent Cleanup for Next Mark 1.142ms
[2024-05-26T14:06:44.111+0530][gc          ] GC(2) Concurrent Mark Cycle 5.489ms
[2024-05-26T14:06:44.416+0530][gc,start    ] GC(3) Pause Young (Prepare Mixed) (G1 Evacuation Pause)
[2024-05-26T14:06:44.416+0530][gc,task     ] GC(3) Using 8 workers of 8 for evacuation
[2024-05-26T14:06:44.418+0530][gc,phases   ] GC(3)   Pre Evacuate Collection Set: 0.1ms
[2024-05-26T14:06:44.418+0530][gc,phases   ] GC(3)   Merge Heap Roots: 0.0ms
[2024-05-26T14:06:44.418+0530][gc,phases   ] GC(3)   Evacuate Collection Set: 1.7ms
[2024-05-26T14:06:44.418+0530][gc,phases   ] GC(3)   Post Evacuate Collection Set: 0.2ms
[2024-05-26T14:06:44.418+0530][gc,phases   ] GC(3)   Other: 0.0ms
[2024-05-26T14:06:44.418+0530][gc,heap     ] GC(3) Eden regions: 49->0(44)
[2024-05-26T14:06:44.418+0530][gc,heap     ] GC(3) Survivor regions: 2->7(7)
[2024-05-26T14:06:44.418+0530][gc,heap     ] GC(3) Old regions: 10->10
[2024-05-26T14:06:44.418+0530][gc,heap     ] GC(3) Humongous regions: 129->129
[2024-05-26T14:06:44.418+0530][gc,metaspace] GC(3) Metaspace: 32993K(33280K)->32993K(33280K) NonClass: 29403K(29568K)->29403K(29568K) Class: 3589K(3712K)->3589K(3712K)
[2024-05-26T14:06:44.418+0530][gc          ] GC(3) Pause Young (Prepare Mixed) (G1 Evacuation Pause) 188M->144M(1024M) 2.184ms
[2024-05-26T14:06:44.418+0530][gc,cpu      ] GC(3) User=0.02s Sys=0.01s Real=0.00s
[2024-05-26T14:06:44.552+0530][gc,start    ] GC(4) Pause Young (Mixed) (Metadata GC Threshold)
[2024-05-26T14:06:44.552+0530][gc,task     ] GC(4) Using 8 workers of 8 for evacuation
[2024-05-26T14:06:44.554+0530][gc,phases   ] GC(4)   Pre Evacuate Collection Set: 0.1ms
[2024-05-26T14:06:44.554+0530][gc,phases   ] GC(4)   Merge Heap Roots: 0.0ms
[2024-05-26T14:06:44.554+0530][gc,phases   ] GC(4)   Evacuate Collection Set: 1.8ms
[2024-05-26T14:06:44.554+0530][gc,phases   ] GC(4)   Post Evacuate Collection Set: 0.2ms
[2024-05-26T14:06:44.554+0530][gc,phases   ] GC(4)   Other: 0.0ms
[2024-05-26T14:06:44.554+0530][gc,heap     ] GC(4) Eden regions: 12->0(49)
[2024-05-26T14:06:44.554+0530][gc,heap     ] GC(4) Survivor regions: 7->2(7)
[2024-05-26T14:06:44.554+0530][gc,heap     ] GC(4) Old regions: 10->16
[2024-05-26T14:06:44.554+0530][gc,heap     ] GC(4) Humongous regions: 129->129
[2024-05-26T14:06:44.554+0530][gc,metaspace] GC(4) Metaspace: 35701K(35968K)->35701K(35968K) NonClass: 31759K(31872K)->31759K(31872K) Class: 3942K(4096K)->3942K(4096K)
[2024-05-26T14:06:44.554+0530][gc          ] GC(4) Pause Young (Mixed) (Metadata GC Threshold) 156M->145M(1024M) 2.280ms
[2024-05-26T14:06:44.554+0530][gc,cpu      ] GC(4) User=0.01s Sys=0.00s Real=0.00s
[2024-05-26T14:06:44.563+0530][gc,start    ] GC(5) Pause Young (Concurrent Start) (Metadata GC Threshold)
[2024-05-26T14:06:44.563+0530][gc,task     ] GC(5) Using 8 workers of 8 for evacuation
[2024-05-26T14:06:44.563+0530][gc,phases   ] GC(5)   Pre Evacuate Collection Set: 0.1ms
[2024-05-26T14:06:44.563+0530][gc,phases   ] GC(5)   Merge Heap Roots: 0.0ms
[2024-05-26T14:06:44.563+0530][gc,phases   ] GC(5)   Evacuate Collection Set: 0.4ms
[2024-05-26T14:06:44.563+0530][gc,phases   ] GC(5)   Post Evacuate Collection Set: 0.1ms
[2024-05-26T14:06:44.563+0530][gc,phases   ] GC(5)   Other: 0.0ms
[2024-05-26T14:06:44.563+0530][gc,heap     ] GC(5) Eden regions: 2->0(50)
[2024-05-26T14:06:44.563+0530][gc,heap     ] GC(5) Survivor regions: 2->1(7)
[2024-05-26T14:06:44.563+0530][gc,heap     ] GC(5) Old regions: 16->16
[2024-05-26T14:06:44.563+0530][gc,heap     ] GC(5) Humongous regions: 129->129
[2024-05-26T14:06:44.564+0530][gc,metaspace] GC(5) Metaspace: 36038K(36288K)->36038K(36288K) NonClass: 32046K(32192K)->32046K(32192K) Class: 3991K(4096K)->3991K(4096K)
[2024-05-26T14:06:44.564+0530][gc          ] GC(5) Pause Young (Concurrent Start) (Metadata GC Threshold) 146M->144M(1024M) 0.765ms
[2024-05-26T14:06:44.564+0530][gc          ] GC(6) Concurrent Mark Cycle
[2024-05-26T14:06:44.564+0530][gc,cpu      ] GC(5) User=0.00s Sys=0.00s Real=0.00s
[2024-05-26T14:06:44.564+0530][gc,marking  ] GC(6) Concurrent Scan Root Regions
[2024-05-26T14:06:44.564+0530][gc,marking  ] GC(6) Concurrent Scan Root Regions 0.648ms
[2024-05-26T14:06:44.564+0530][gc,marking  ] GC(6) Concurrent Mark
[2024-05-26T14:06:44.564+0530][gc,marking  ] GC(6) Concurrent Mark From Roots
[2024-05-26T14:06:44.564+0530][gc,task     ] GC(6) Using 2 workers of 2 for marking
[2024-05-26T14:06:44.570+0530][gc,marking  ] GC(6) Concurrent Mark From Roots 5.821ms
[2024-05-26T14:06:44.570+0530][gc,marking  ] GC(6) Concurrent Preclean
[2024-05-26T14:06:44.570+0530][gc,marking  ] GC(6) Concurrent Preclean 0.022ms
[2024-05-26T14:06:44.570+0530][gc,start    ] GC(6) Pause Remark
[2024-05-26T14:06:44.571+0530][gc          ] GC(6) Pause Remark 146M->146M(1024M) 0.942ms
[2024-05-26T14:06:44.571+0530][gc,cpu      ] GC(6) User=0.00s Sys=0.00s Real=0.00s
[2024-05-26T14:06:44.571+0530][gc,marking  ] GC(6) Concurrent Mark 6.878ms
[2024-05-26T14:06:44.571+0530][gc,marking  ] GC(6) Concurrent Rebuild Remembered Sets and Scrub Regions
[2024-05-26T14:06:44.573+0530][gc,marking  ] GC(6) Concurrent Rebuild Remembered Sets and Scrub Regions 2.331ms
[2024-05-26T14:06:44.573+0530][gc,start    ] GC(6) Pause Cleanup
[2024-05-26T14:06:44.574+0530][gc          ] GC(6) Pause Cleanup 146M->146M(1024M) 0.087ms
[2024-05-26T14:06:44.574+0530][gc,cpu      ] GC(6) User=0.00s Sys=0.00s Real=0.00s
[2024-05-26T14:06:44.574+0530][gc,marking  ] GC(6) Concurrent Clear Claimed Marks
[2024-05-26T14:06:44.574+0530][gc,marking  ] GC(6) Concurrent Clear Claimed Marks 0.015ms
[2024-05-26T14:06:44.574+0530][gc,marking  ] GC(6) Concurrent Cleanup for Next Mark
[2024-05-26T14:06:44.575+0530][gc,marking  ] GC(6) Concurrent Cleanup for Next Mark 0.820ms
[2024-05-26T14:06:44.575+0530][gc          ] GC(6) Concurrent Mark Cycle 11.018ms
[2024-05-26T14:11:45.914+0530][gc,start    ] GC(7) Pause Young (Prepare Mixed) (G1 Evacuation Pause)
[2024-05-26T14:11:45.917+0530][gc,task     ] GC(7) Using 8 workers of 8 for evacuation
[2024-05-26T14:11:45.960+0530][gc,mmu      ] GC(7) MMU target violated: 21.0ms (20.0ms/21.0ms)
[2024-05-26T14:11:45.960+0530][gc,phases   ] GC(7)   Pre Evacuate Collection Set: 2.4ms
[2024-05-26T14:11:45.960+0530][gc,phases   ] GC(7)   Merge Heap Roots: 0.4ms
[2024-05-26T14:11:45.960+0530][gc,phases   ] GC(7)   Evacuate Collection Set: 38.9ms
[2024-05-26T14:11:45.960+0530][gc,phases   ] GC(7)   Post Evacuate Collection Set: 1.2ms
[2024-05-26T14:11:45.960+0530][gc,phases   ] GC(7)   Other: 1.1ms
[2024-05-26T14:11:45.960+0530][gc,heap     ] GC(7) Eden regions: 50->0(46)
[2024-05-26T14:11:45.960+0530][gc,heap     ] GC(7) Survivor regions: 1->5(7)
[2024-05-26T14:11:45.960+0530][gc,heap     ] GC(7) Old regions: 16->16
[2024-05-26T14:11:45.960+0530][gc,heap     ] GC(7) Humongous regions: 129->129
[2024-05-26T14:11:45.960+0530][gc,metaspace] GC(7) Metaspace: 42626K(43264K)->42626K(43264K) NonClass: 37614K(37952K)->37614K(37952K) Class: 5012K(5312K)->5012K(5312K)
[2024-05-26T14:11:45.960+0530][gc          ] GC(7) Pause Young (Prepare Mixed) (G1 Evacuation Pause) 194M->148M(1024M) 46.685ms
[2024-05-26T14:11:45.960+0530][gc,cpu      ] GC(7) User=0.02s Sys=0.05s Real=0.05s
