[2024-05-26T14:05:23.512+0530][gc,init] CardTable entry size: 512
[2024-05-26T14:05:23.512+0530][gc     ] Using G1
[2024-05-26T14:05:23.513+0530][gc,init] Version: 21.0.2+13-58 (release)
[2024-05-26T14:05:23.513+0530][gc,init] CPUs: 8 total, 8 available
[2024-05-26T14:05:23.513+0530][gc,init] Memory: 8192M
[2024-05-26T14:05:23.513+0530][gc,init] Large Page Support: Disabled
[2024-05-26T14:05:23.513+0530][gc,init] NUMA Support: Disabled
[2024-05-26T14:05:23.513+0530][gc,init] Compressed Oops: Enabled (Zero based)
[2024-05-26T14:05:23.513+0530][gc,init] Heap Region Size: 1M
[2024-05-26T14:05:23.513+0530][gc,init] Heap Min Capacity: 512M
[2024-05-26T14:05:23.513+0530][gc,init] Heap Initial Capacity: 512M
[2024-05-26T14:05:23.513+0530][gc,init] Heap Max Capacity: 512M
[2024-05-26T14:05:23.513+0530][gc,init] Pre-touch: Disabled
[2024-05-26T14:05:23.513+0530][gc,init] Parallel Workers: 8
[2024-05-26T14:05:23.513+0530][gc,init] Concurrent Workers: 2
[2024-05-26T14:05:23.513+0530][gc,init] Concurrent Refinement Workers: 8
[2024-05-26T14:05:23.513+0530][gc,init] Periodic GC: Disabled
[2024-05-26T14:05:23.516+0530][gc,metaspace] CDS archive(s) mapped at: [0x0000000300000000-0x0000000300ca4000-0x0000000300ca4000), size 13254656, SharedBaseAddress: 0x0000000300000000, ArchiveRelocationMode: 1.
[2024-05-26T14:05:23.516+0530][gc,metaspace] Compressed class space mapped at: 0x0000000301000000-0x0000000341000000, reserved size: 1073741824
[2024-05-26T14:05:23.516+0530][gc,metaspace] Narrow klass base: 0x0000000300000000, Narrow klass shift: 0, Narrow klass range: 0x100000000
[2024-05-26T14:05:23.897+0530][gc,start    ] GC(0) Pause Young (Normal) (G1 Evacuation Pause)
[2024-05-26T14:05:23.897+0530][gc,task     ] GC(0) Using 8 workers of 8 for evacuation
[2024-05-26T14:05:23.899+0530][gc,phases   ] GC(0)   Pre Evacuate Collection Set: 0.1ms
[2024-05-26T14:05:23.899+0530][gc,phases   ] GC(0)   Merge Heap Roots: 0.2ms
[2024-05-26T14:05:23.899+0530][gc,phases   ] GC(0)   Evacuate Collection Set: 1.8ms
[2024-05-26T14:05:23.899+0530][gc,phases   ] GC(0)   Post Evacuate Collection Set: 0.2ms
[2024-05-26T14:05:23.899+0530][gc,phases   ] GC(0)   Other: 0.1ms
[2024-05-26T14:05:23.899+0530][gc,heap     ] GC(0) Eden regions: 25->0(21)
[2024-05-26T14:05:23.899+0530][gc,heap     ] GC(0) Survivor regions: 0->4(4)
[2024-05-26T14:05:23.899+0530][gc,heap     ] GC(0) Old regions: 2->6
[2024-05-26T14:05:23.899+0530][gc,heap     ] GC(0) Humongous regions: 0->0
[2024-05-26T14:05:23.899+0530][gc,metaspace] GC(0) Metaspace: 8218K(8448K)->8218K(8448K) NonClass: 7340K(7424K)->7340K(7424K) Class: 878K(1024K)->878K(1024K)
[2024-05-26T14:05:23.899+0530][gc          ] GC(0) Pause Young (Normal) (G1 Evacuation Pause) 26M->8M(512M) 2.762ms
[2024-05-26T14:05:23.899+0530][gc,cpu      ] GC(0) User=0.01s Sys=0.00s Real=0.00s
